[    0.000000] Initializing cgroup subsys cpuset
[    0.000000] Initializing cgroup subsys cpu
[    0.000000] Initializing cgroup subsys cpuacct
[    0.000000] Linux version 4.4.0-121-generic (buildd@lcy01-amd64-004) (gcc version 5.4.0 20160609 (Ubuntu 5.4.0-6ubuntu1~16.04.9) ) #145-Ubuntu SMP Fri Apr 13 13:47:23 UTC 2018 (Ubuntu 4.4.0-121.145-generic 4.4.117)
[    0.000000] Command line: BOOT_IMAGE=/boot/vmlinuz-4.4.0-121-generic root=UUID=743b1402-d445-494c-af0b-749040bb33e4 ro console=tty1 console=ttyS0
[    0.000000] KERNEL supported cpus:
[    0.000000]   Intel GenuineIntel
[    0.000000]   AMD AuthenticAMD
[    0.000000]   Centaur CentaurHauls
[    0.000000] x86/fpu: Legacy x87 FPU detected.
[    0.000000] x86/fpu: Using 'lazy' FPU context switches.
[    0.000000] e820: BIOS-provided physical RAM map:
[    0.000000] BIOS-e820: [mem 0x0000000000000000-0x000000000009fbff] usable
[    0.000000] BIOS-e820: [mem 0x000000000009fc00-0x000000000009ffff] reserved
[    0.000000] BIOS-e820: [mem 0x00000000000f0000-0x00000000000fffff] reserved
[    0.000000] BIOS-e820: [mem 0x0000000000100000-0x000000003ffeffff] usable
[    0.000000] BIOS-e820: [mem 0x000000003fff0000-0x000000003fffffff] ACPI data
[    0.000000] BIOS-e820: [mem 0x00000000fec00000-0x00000000fec00fff] reserved
[    0.000000] BIOS-e820: [mem 0x00000000fee00000-0x00000000fee00fff] reserved
[    0.000000] BIOS-e820: [mem 0x00000000fffc0000-0x00000000ffffffff] reserved
[    0.000000] NX (Execute Disable) protection: active
[    0.000000] SMBIOS 2.5 present.
[    0.000000] Hypervisor detected: KVM
[    0.000000] e820: last_pfn = 0x3fff0 max_arch_pfn = 0x400000000
[    0.000000] MTRR: Disabled
[    0.000000] x86/PAT: MTRRs disabled, skipping PAT initialization too.
[    0.000000] CPU MTRRs all blank - virtualized system.
[    0.000000] x86/PAT: Configuration [0-7]: WB  WT  UC- UC  WB  WT  UC- UC  
[    0.000000] found SMP MP-table at [mem 0x0009fff0-0x0009ffff] mapped at [ffff88000009fff0]
[    0.000000] Scanning 1 areas for low memory corruption
[    0.000000] RAMDISK: [mem 0x36208000-0x370fbfff]
[    0.000000] ACPI: Early table checksum verification disabled
[    0.000000] ACPI: RSDP 0x00000000000E0000 000024 (v02 VBOX  )
[    0.000000] ACPI: XSDT 0x000000003FFF0030 00003C (v01 VBOX   VBOXXSDT 00000001 ASL  00000061)
[    0.000000] ACPI: FACP 0x000000003FFF00F0 0000F4 (v04 VBOX   VBOXFACP 00000001 ASL  00000061)
[    0.000000] ACPI: DSDT 0x000000003FFF0470 0021FF (v02 VBOX   VBOXBIOS 00000002 INTL 20100528)
[    0.000000] ACPI: FACS 0x000000003FFF0200 000040
[    0.000000] ACPI: FACS 0x000000003FFF0200 000040
[    0.000000] ACPI: APIC 0x000000003FFF0240 00005C (v02 VBOX   VBOXAPIC 00000001 ASL  00000061)
[    0.000000] ACPI: SSDT 0x000000003FFF02A0 0001CC (v01 VBOX   VBOXCPUT 00000002 INTL 20100528)
[    0.000000] No NUMA configuration found
[    0.000000] Faking a node at [mem 0x0000000000000000-0x000000003ffeffff]
[    0.000000] NODE_DATA(0) allocated [mem 0x3ffeb000-0x3ffeffff]
[    0.000000] kvm-clock: Using msrs 4b564d01 and 4b564d00
[    0.000000] kvm-clock: cpu 0, msr 0:3ffe3001, primary cpu clock
[    0.000000] kvm-clock: using sched offset of 4131153975 cycles
[    0.000000] clocksource: kvm-clock: mask: 0xffffffffffffffff max_cycles: 0x1cd42e4dffb, max_idle_ns: 881590591483 ns
[    0.000000] Zone ranges:
[    0.000000]   DMA      [mem 0x0000000000001000-0x0000000000ffffff]
[    0.000000]   DMA32    [mem 0x0000000001000000-0x000000003ffeffff]
[    0.000000]   Normal   empty
[    0.000000]   Device   empty
[    0.000000] Movable zone start for each node
[    0.000000] Early memory node ranges
[    0.000000]   node   0: [mem 0x0000000000001000-0x000000000009efff]
[    0.000000]   node   0: [mem 0x0000000000100000-0x000000003ffeffff]
[    0.000000] Initmem setup node 0 [mem 0x0000000000001000-0x000000003ffeffff]
[    0.000000] ACPI: PM-Timer IO Port: 0x4008
[    0.000000] IOAPIC[0]: apic_id 2, version 32, address 0xfec00000, GSI 0-23
[    0.000000] ACPI: INT_SRC_OVR (bus 0 bus_irq 0 global_irq 2 dfl dfl)
[    0.000000] ACPI: INT_SRC_OVR (bus 0 bus_irq 9 global_irq 9 high level)
[    0.000000] Using ACPI (MADT) for SMP configuration information
[    0.000000] smpboot: Allowing 2 CPUs, 0 hotplug CPUs
[    0.000000] PM: Registered nosave memory: [mem 0x00000000-0x00000fff]
[    0.000000] PM: Registered nosave memory: [mem 0x0009f000-0x0009ffff]
[    0.000000] PM: Registered nosave memory: [mem 0x000a0000-0x000effff]
[    0.000000] PM: Registered nosave memory: [mem 0x000f0000-0x000fffff]
[    0.000000] e820: [mem 0x40000000-0xfebfffff] available for PCI devices
[    0.000000] Booting paravirtualized kernel on KVM
[    0.000000] clocksource: refined-jiffies: mask: 0xffffffff max_cycles: 0xffffffff, max_idle_ns: 7645519600211568 ns
[    0.000000] setup_percpu: NR_CPUS:512 nr_cpumask_bits:512 nr_cpu_ids:2 nr_node_ids:1
[    0.000000] PERCPU: Embedded 34 pages/cpu @ffff88003fc00000 s99544 r8192 d31528 u1048576
[    0.000000] PV qspinlock hash table entries: 256 (order: 0, 4096 bytes)
[    0.000000] Built 1 zonelists in Node order, mobility grouping on.  Total pages: 257912
[    0.000000] Policy zone: DMA32
[    0.000000] Kernel command line: BOOT_IMAGE=/boot/vmlinuz-4.4.0-121-generic root=UUID=743b1402-d445-494c-af0b-749040bb33e4 ro console=tty1 console=ttyS0
[    0.000000] PID hash table entries: 4096 (order: 3, 32768 bytes)
[    0.000000] Memory: 997212K/1048120K available (8532K kernel code, 1313K rwdata, 3996K rodata, 1508K init, 1316K bss, 50908K reserved, 0K cma-reserved)
[    0.000000] SLUB: HWalign=64, Order=0-3, MinObjects=0, CPUs=2, Nodes=1
[    0.000000] Kernel/User page tables isolation: enabled
[    0.000000] Hierarchical RCU implementation.
[    0.000000] 	Build-time adjustment of leaf fanout to 64.
[    0.000000] 	RCU restricting CPUs from NR_CPUS=512 to nr_cpu_ids=2.
[    0.000000] RCU: Adjusting geometry for rcu_fanout_leaf=64, nr_cpu_ids=2
[    0.000000] NR_IRQS:33024 nr_irqs:440 16
[    0.000000] Console: colour VGA+ 80x25
[    0.000000] console [tty1] enabled
[    0.000000] console [ttyS0] enabled
[    0.000000] tsc: Detected 2527.002 MHz processor
[    0.634726] Calibrating delay loop (skipped) preset value.. 5054.00 BogoMIPS (lpj=10108008)
[    0.650923] pid_max: default: 32768 minimum: 301
[    0.651950] ACPI: Core revision 20150930
[    0.661405] ACPI: 2 ACPI AML tables successfully acquired and loaded
[    0.668311] Security Framework initialized
[    0.676542] Yama: becoming mindful.
[    0.677401] AppArmor: AppArmor initialized
[    0.681989] Dentry cache hash table entries: 131072 (order: 8, 1048576 bytes)
[    0.688397] Inode-cache hash table entries: 65536 (order: 7, 524288 bytes)
[    0.704576] Mount-cache hash table entries: 2048 (order: 2, 16384 bytes)
[    0.705957] Mountpoint-cache hash table entries: 2048 (order: 2, 16384 bytes)
[    0.707571] Initializing cgroup subsys io
[    0.708647] Initializing cgroup subsys memory
[    0.715923] Initializing cgroup subsys devices
[    0.716910] Initializing cgroup subsys freezer
[    0.717916] Initializing cgroup subsys net_cls
[    0.724388] Initializing cgroup subsys perf_event
[    0.725430] Initializing cgroup subsys net_prio
[    0.726466] Initializing cgroup subsys hugetlb
[    0.727449] Initializing cgroup subsys pids
[    0.728506] CPU: Physical Processor ID: 0
[    0.735112] CPU: Processor Core ID: 0
[    0.736003] FEATURE SPEC_CTRL Not Present
[    0.736923] mce: CPU supports 0 MCE banks
[    0.744554] Last level iTLB entries: 4KB 512, 2MB 7, 4MB 7
[    0.745715] Last level dTLB entries: 4KB 512, 2MB 32, 4MB 32, 1GB 0
[    0.747039] Spectre V2 mitigation: Mitigation: Full generic retpoline
[    0.748332] Spectre V2 mitigation: Speculation control IBPB not-supported IBRS not-supported
[    0.757686] Freeing SMP alternatives memory: 32K
[    0.768748] ftrace: allocating 32202 entries in 126 pages
[    0.833860] smpboot: APIC(0) Converting physical 0 to logical package 0
[    0.841651] smpboot: Max logical packages: 1
[    0.842974] x2apic enabled
[    0.843963] Switched APIC routing to physical x2apic.
[    0.846364] ..TIMER: vector=0x30 apic1=0 pin1=2 apic2=-1 pin2=-1
[    0.953953] smpboot: CPU0: Intel(R) Core(TM) i5 CPU       M 540  @ 2.53GHz (family: 0x6, model: 0x25, stepping: 0x5)
[    0.957887] Performance Events: unsupported p6 CPU model 37 no PMU driver, software events only.
[    0.965946] KVM setup paravirtual spinlock
[    0.967869] x86: Booting SMP configuration:
[    0.968952] .... node  #0, CPUs:      #1
[    0.970089] kvm-clock: cpu 1, msr 0:3ffe3041, secondary cpu clock
[    0.971376] mce: CPU supports 0 MCE banks
[    0.974179] x86: Booted up 1 node, 2 CPUs
[    0.980899] smpboot: Total of 2 processors activated (10108.00 BogoMIPS)
[    0.982728] devtmpfs: initialized
[    0.985617] evm: security.selinux
[    0.986461] evm: security.SMACK64
[    0.987296] evm: security.SMACK64EXEC
[    0.988136] evm: security.SMACK64TRANSMUTE
[    0.989361] evm: security.SMACK64MMAP
[    0.990220] evm: security.ima
[    0.993552] evm: security.capability
[    0.994771] clocksource: jiffies: mask: 0xffffffff max_cycles: 0xffffffff, max_idle_ns: 7645041785100000 ns
[    1.010651] futex hash table entries: 512 (order: 3, 32768 bytes)
[    1.025459] pinctrl core: initialized pinctrl subsystem
[    1.026850] RTC time: 20:33:40, date: 06/21/18
[    1.028029] NET: Registered protocol family 16
[    1.038374] cpuidle: using governor ladder
[    1.058394] cpuidle: using governor menu
[    1.064670] PCCT header not found.
[    1.065597] ACPI: bus type PCI registered
[    1.066554] acpiphp: ACPI Hot Plug PCI Controller Driver version: 0.5
[    1.067987] PCI: Using configuration type 1 for base access
[    1.087889] ACPI: Added _OSI(Module Device)
[    1.110058] ACPI: Added _OSI(Processor Device)
[    1.111046] ACPI: Added _OSI(3.0 _SCP Extensions)
[    1.112082] ACPI: Added _OSI(Processor Aggregator Device)
[    1.114264] ACPI: Executed 1 blocks of module-level executable AML code
[    1.118189] ACPI: Interpreter enabled
[    1.119094] ACPI: (supports S0 S5)
[    1.131253] ACPI: Using IOAPIC for interrupt routing
[    1.135195] PCI: Using host bridge windows from ACPI; if necessary, use "pci=nocrs" and report a bug
[    1.147463] ACPI: PCI Root Bridge [PCI0] (domain 0000 [bus 00-ff])
[    1.151055] acpi PNP0A03:00: _OSC: OS supports [ASPM ClockPM Segments MSI]
[    1.152531] acpi PNP0A03:00: _OSC: not requesting OS control; OS requires [ExtendedConfig ASPM ClockPM MSI]
[    1.154612] acpi PNP0A03:00: fail to add MMCONFIG information, can't access extended PCI configuration space under this bridge.
[    1.157232] PCI host bridge to bus 0000:00
[    1.158214] pci_bus 0000:00: root bus resource [io  0x0000-0x0cf7 window]
[    1.162568] pci_bus 0000:00: root bus resource [io  0x0d00-0xffff window]
[    1.163904] pci_bus 0000:00: root bus resource [mem 0x000a0000-0x000bffff window]
[    1.165612] pci_bus 0000:00: root bus resource [mem 0x40000000-0xffdfffff window]
[    1.179517] pci_bus 0000:00: root bus resource [bus 00-ff]
[    1.182724] pci 0000:00:01.1: legacy IDE quirk: reg 0x10: [io  0x01f0-0x01f7]
[    1.184119] pci 0000:00:01.1: legacy IDE quirk: reg 0x14: [io  0x03f6]
[    1.185479] pci 0000:00:01.1: legacy IDE quirk: reg 0x18: [io  0x0170-0x0177]
[    1.192680] pci 0000:00:01.1: legacy IDE quirk: reg 0x1c: [io  0x0376]
[    1.231556] pci 0000:00:07.0: quirk: [io  0x4000-0x403f] claimed by PIIX4 ACPI
[    1.266670] pci 0000:00:07.0: quirk: [io  0x4100-0x410f] claimed by PIIX4 SMB
[    1.295378] ACPI: PCI Interrupt Link [LNKA] (IRQs 5 9 10 *11)
[    1.317264] ACPI: PCI Interrupt Link [LNKB] (IRQs 5 9 10 *11)
[    1.336503] ACPI: PCI Interrupt Link [LNKC] (IRQs 5 9 *10 11)
[    1.347396] ACPI: PCI Interrupt Link [LNKD] (IRQs 5 *9 10 11)
[    1.351308] ACPI: Enabled 2 GPEs in block 00 to 07
[    1.353307] vgaarb: setting as boot device: PCI:0000:00:02.0
[    1.361790] vgaarb: device added: PCI:0000:00:02.0,decodes=io+mem,owns=io+mem,locks=none
[    1.363708] vgaarb: loaded
[    1.364587] vgaarb: bridge control possible 0000:00:02.0
[    1.376071] SCSI subsystem initialized
[    1.385028] ACPI: bus type USB registered
[    1.387536] usbcore: registered new interface driver usbfs
[    1.391547] usbcore: registered new interface driver hub
[    1.392698] usbcore: registered new device driver usb
[    1.394085] PCI: Using ACPI for IRQ routing
[    1.395426] NetLabel: Initializing
[    1.398611] NetLabel:  domain hash size = 128
[    1.405789] NetLabel:  protocols = UNLABELED CIPSOv4
[    1.412831] NetLabel:  unlabeled traffic allowed by default
[    1.421144] amd_nb: Cannot enumerate AMD northbridges
[    1.426829] clocksource: Switched to clocksource kvm-clock
[    1.436715] AppArmor: AppArmor Filesystem Enabled
[    1.443945] pnp: PnP ACPI init
[    1.445749] pnp: PnP ACPI: found 3 devices
[    1.456594] clocksource: acpi_pm: mask: 0xffffff max_cycles: 0xffffff, max_idle_ns: 2085701024 ns
[    1.461427] NET: Registered protocol family 2
[    1.462646] TCP established hash table entries: 8192 (order: 4, 65536 bytes)
[    1.464110] TCP bind hash table entries: 8192 (order: 5, 131072 bytes)
[    1.465441] TCP: Hash tables configured (established 8192 bind 8192)
[    1.466740] UDP hash table entries: 512 (order: 2, 16384 bytes)
[    1.468000] UDP-Lite hash table entries: 512 (order: 2, 16384 bytes)
[    1.469355] NET: Registered protocol family 1
[    1.470336] pci 0000:00:00.0: Limiting direct PCI/PCI transfers
[    1.471606] pci 0000:00:01.0: Activating ISA DMA hang workarounds
[    1.475649] Unpacking initramfs...
[    1.753858] Freeing initrd memory: 15312K
[    1.761540] platform rtc_cmos: registered platform RTC device (no PNP device found)
[    1.763292] Scanning for low memory corruption every 60 seconds
[    1.766562] audit: initializing netlink subsys (disabled)
[    1.773772] audit: type=2000 audit(1529613225.948:1): initialized
[    1.775315] Initialise system trusted keyring
[    1.782629] HugeTLB registered 2 MB page size, pre-allocated 0 pages
[    1.786621] zbud: loaded
[    1.793457] VFS: Disk quotas dquot_6.6.0
[    1.794413] VFS: Dquot-cache hash table entries: 512 (order 0, 4096 bytes)
[    1.797649] squashfs: version 4.0 (2009/01/31) Phillip Lougher
[    1.806926] fuse init (API version 7.23)
[    1.814487] Key type big_key registered
[    1.816960] Allocating IMA MOK and blacklist keyrings.
[    1.819609] Key type asymmetric registered
[    1.821761] Asymmetric key parser 'x509' registered
[    1.822851] Block layer SCSI generic (bsg) driver version 0.4 loaded (major 249)
[    1.826586] io scheduler noop registered
[    1.836591] io scheduler deadline registered (default)
[    1.837727] io scheduler cfq registered
[    1.839012] pci_hotplug: PCI Hot Plug PCI Core version: 0.5
[    1.841818] pciehp: PCI Express Hot Plug Controller Driver version: 0.4
[    1.843416] ACPI: AC Adapter [AC] (on-line)
[    1.844683] input: Power Button as /devices/LNXSYSTM:00/LNXPWRBN:00/input/input0
[    1.847009] ACPI: Power Button [PWRF]
[    1.848150] input: Sleep Button as /devices/LNXSYSTM:00/LNXSLPBN:00/input/input1
[    1.850135] ACPI: Sleep Button [SLPF]
[    1.851315] GHES: HEST is not enabled!
[    1.853095] ACPI: Battery Slot [BAT0] (battery present)
[    1.854267] Serial: 8250/16550 driver, 32 ports, IRQ sharing enabled
[    1.878680] 00:02: ttyS0 at I/O 0x3f8 (irq = 4, base_baud = 115200) is a 16550A
[    1.891068] Linux agpgart interface v0.103
[    1.894983] loop: module loaded
[    1.902953] scsi host0: ata_piix
[    1.906771] scsi host1: ata_piix
[    1.908706] ata1: PATA max UDMA/33 cmd 0x1f0 ctl 0x3f6 bmdma 0xd000 irq 14
[    1.911863] ata2: PATA max UDMA/33 cmd 0x170 ctl 0x376 bmdma 0xd008 irq 15
[    1.913606] libphy: Fixed MDIO Bus: probed
[    1.915635] tun: Universal TUN/TAP device driver, 1.6
[    1.919340] tun: (C) 1999-2004 Max Krasnyansky <maxk@qualcomm.com>
[    1.920644] PPP generic driver version 2.4.2
[    1.921664] ehci_hcd: USB 2.0 'Enhanced' Host Controller (EHCI) Driver
[    1.922967] ehci-pci: EHCI PCI platform driver
[    1.923996] ehci-platform: EHCI generic platform driver
[    1.944377] ohci_hcd: USB 1.1 'Open' Host Controller (OHCI) Driver
[    1.991948] ohci-pci: OHCI PCI platform driver
[    2.021993] ohci-platform: OHCI generic platform driver
[    2.049414] uhci_hcd: USB Universal Host Controller Interface driver
[    2.083159] i8042: PNP: PS/2 Controller [PNP0303:PS2K,PNP0f03:PS2M] at 0x60,0x64 irq 1,12
[    2.123965] serio: i8042 KBD port at 0x60,0x64 irq 1
[    2.129361] serio: i8042 AUX port at 0x60,0x64 irq 12
[    2.151858] mousedev: PS/2 mouse device common for all mice
[    2.162157] input: AT Translated Set 2 keyboard as /devices/platform/i8042/serio0/input/input2
[    2.168849] rtc_cmos rtc_cmos: rtc core: registered rtc_cmos as rtc0
[    2.190514] rtc_cmos rtc_cmos: alarms up to one day, 114 bytes nvram
[    2.193391] i2c /dev entries driver
[    2.194306] device-mapper: uevent: version 1.0.3
[    2.212555] device-mapper: ioctl: 4.34.0-ioctl (2015-10-28) initialised: dm-devel@redhat.com
[    2.220641] ledtrig-cpu: registered to indicate activity on CPUs
[    2.227420] NET: Registered protocol family 10
[    2.228684] NET: Registered protocol family 17
[    2.242390] Key type dns_resolver registered
[    2.262213] registered taskstats version 1
[    2.281296] Loading compiled-in X.509 certificates
[    2.283210] Loaded X.509 cert 'Build time autogenerated kernel key: 1980cda84f1f26b64be4db6155d00e7fd6d05190'
[    2.285442] zswap: loaded using pool lzo/zbud
[    2.289553] Key type trusted registered
[    2.303293] Key type encrypted registered
[    2.305833] AppArmor: AppArmor sha1 policy hashing enabled
[    2.306983] ima: No TPM chip found, activating TPM-bypass!
[    2.316046] evm: HMAC attrs: 0x1
[    2.317347]   Magic number: 6:729:599
[    2.318291] serial8250 serial8250: hash matches
[    2.346445] rtc_cmos rtc_cmos: setting system clock to 2018-06-21 20:33:41 UTC (1529613221)
[    2.367032] BIOS EDD facility v0.16 2004-Jun-25, 0 devices found
[    2.368278] EDD information not available.
[    2.371333] Freeing unused kernel memory: 1508K
[    2.381674] Write protecting the kernel read-only data: 14336k
[    2.383579] Freeing unused kernel memory: 1696K
[    2.387292] Freeing unused kernel memory: 100K
Loading, please wait...
starting version[    2.431413] random: systemd-udevd: uninitialized urandom read (16 bytes read, 2 bits of entropy available)
 229
[    2.431511] random: udevadm: uninitialized urandom read (16 bytes read, 2 bits of entropy available)
[    2.431543] random: udevadm: uninitialized urandom read (16 bytes read, 2 bits of entropy available)
[    2.451073] random: udevadm: uninitialized urandom read (16 bytes read, 2 bits of entropy available)
[    2.451159] random: udevadm: uninitialized urandom read (16 bytes read, 2 bits of entropy available)
[    2.451550] random: udevadm: uninitialized urandom read (16 bytes read, 2 bits of entropy available)
[    2.451681] random: udevadm: uninitialized urandom read (16 bytes read, 2 bits of entropy available)
[    2.451799] random: udevadm: uninitialized urandom read (16 bytes read, 2 bits of entropy available)
[    2.451914] random: udevadm: uninitialized urandom read (16 bytes read, 2 bits of entropy available)
[    2.452065] random: udevadm: uninitialized urandom read (16 bytes read, 2 bits of entropy available)
[    2.583874] Fusion MPT base driver 3.04.20
[    2.596417] Copyright (c) 1999-2008 LSI Corporation
[    2.597742] e1000: Intel(R) PRO/1000 Network Driver - version 7.3.21-k8-NAPI
[    2.599541] e1000: Copyright (c) 1999-2006 Intel Corporation.
[    2.628989] Fusion MPT SPI Host driver 3.04.20
[    2.642140] SSE version of gcm_enc/dec engaged.
[    2.760842] tsc: Refined TSC clocksource calibration: 2526.872 MHz
[    2.768821] clocksource: tsc: mask: 0xffffffffffffffff max_cycles: 0x246c628a48c, max_idle_ns: 440795229007 ns
[    2.835577] input: ImExPS/2 Generic Explorer Mouse as /devices/platform/i8042/serio1/input/input4
[    3.032281] e1000 0000:00:03.0 eth0: (PCI:33MHz:32-bit) 02:63:8e:2c:ef:cd
[    3.039574] e1000 0000:00:03.0 eth0: Intel(R) PRO/1000 Network Connection
[    3.081630] mptbase: ioc0: Initiating bringup
[    3.084900] e1000 0000:00:03.0 enp0s3: renamed from eth0
[    3.147364] ioc0: LSI53C1030 A0: Capabilities={Initiator}
[    3.323141] scsi host2: ioc0: LSI53C1030 A0, FwRev=00000000h, Ports=1, MaxQ=256, IRQ=20
[    3.444158] scsi 2:0:0:0: Direct-Access     VBOX     HARDDISK         1.0  PQ: 0 ANSI: 5
[    3.510040] scsi target2:0:0: Beginning Domain Validation
[    3.538334] scsi target2:0:0: Domain Validation skipping write tests
[    3.545771] scsi target2:0:0: Ending Domain Validation
[    3.553867] scsi target2:0:0: asynchronous
[    3.555644] scsi 2:0:1:0: Direct-Access     VBOX     HARDDISK         1.0  PQ: 0 ANSI: 5
[    3.561336] scsi target2:0:1: Beginning Domain Validation
[    3.567126] scsi target2:0:1: Domain Validation skipping write tests
[    3.571508] scsi target2:0:1: Ending Domain Validation
[    3.578304] scsi target2:0:1: asynchronous
[    3.601496] sd 2:0:0:0: [sda] 20971520 512-byte logical blocks: (10.7 GB/10.0 GiB)
[    3.610340] sd 2:0:0:0: Attached scsi generic sg0 type 0
[    3.614231] sd 2:0:0:0: [sda] Write Protect is off
[    3.628062] sd 2:0:1:0: Attached scsi generic sg1 type 0
[    3.628467] sd 2:0:0:0: [sda] Incomplete mode parameter data
[    3.628468] sd 2:0:0:0: [sda] Assuming drive cache: write through
[    3.644261] sd 2:0:1:0: [sdb] 20480 512-byte logical blocks: (10.5 MB/10.0 MiB)
[    3.644437] sd 2:0:1:0: [sdb] Write Protect is off
[    3.644551] sd 2:0:1:0: [sdb] Incomplete mode parameter data
[    3.644552] sd 2:0:1:0: [sdb] Assuming drive cache: write through
[    3.657488]  sda: sda1
[    3.660147] sd 2:0:0:0: [sda] Attached SCSI disk
[    3.666604] sd 2:0:1:0: [sdb] Attached SCSI disk
Begin: Loading essential drivers ... [    5.257485] md: linear personality registered for level -1
[    5.293121] md: multipath personality registered for level -4
[    5.321042] md: raid0 personality registered for level 0
[    5.349930] md: raid1 personality registered for level 1
[    5.443051] raid6: sse2x1   gen()  2409 MB/s
[    5.542935] raid6: sse2x1   xor()  1990 MB/s
[    5.630884] raid6: sse2x2   gen()  4704 MB/s
[    5.726963] raid6: sse2x2   xor()  4141 MB/s
[    5.794906] raid6: sse2x4   gen()  5556 MB/s
[    5.871413] raid6: sse2x4   xor()  5726 MB/s
[    5.881058] raid6: using algorithm sse2x4 gen() 5556 MB/s
[    5.882318] raid6: .... xor() 5726 MB/s, rmw enabled
[    5.895378] raid6: using ssse3x2 recovery algorithm
[    5.899052] xor: measuring software checksum speed
[    5.950927]    prefetch64-sse: 10942.000 MB/sec
[    6.006972]    generic_sse:  8668.000 MB/sec
[    6.013895] xor: using function: prefetch64-sse (10942.000 MB/sec)
[    6.017037] async_tx: api initialized (async)
[    6.045194] md: raid6 personality registered for level 6
[    6.057896] md: raid5 personality registered for level 5
[    6.061532] md: raid4 personality registered for level 4
[    6.070785] md: raid10 personality registered for level 10
done.
Begin: Running /scripts/init-premount ... done.
Begin: Mounting root file system ... Begin: Running /scripts/local-top ... done.
Begin: Running /scripts/local-premount ... [    6.147667] Btrfs loaded
Scanning for Btrfs filesystems
done.
Warning: fsck not present, so skipping root file system
[    6.234388] EXT4-fs (sda1): mounted filesystem with ordered data mode. Opts: (null)
done.
Begin: Running /scripts/local-bottom ... done.
Begin: Running /scripts/init-bottom ... done.
[    7.137366] systemd[1]: systemd 229 running in system mode. (+PAM +AUDIT +SELINUX +IMA +APPARMOR +SMACK +SYSVINIT +UTMP +LIBCRYPTSETUP +GCRYPT +GNUTLS +ACL +XZ -LZ4 +SECCOMP +BLKID +ELFUTILS +KMOD -IDN)
[    7.164724] systemd[1]: Detected virtualization oracle.
[    7.187648] systemd[1]: Detected architecture x86-64.
[    7.225784] random: nonblocking pool is initialized

Welcome to [1mUbuntu 16.04.3 LTS[0m!

[    7.242512] systemd[1]: Set hostname to <ubuntu-xenial>.
[    8.791097] systemd[1]: Listening on LVM2 metadata daemon socket.
[[0;32m  OK  [0m] Listening on LVM2 metadata daemon socket.
[    8.797653] systemd[1]: Started Trigger resolvconf update for networkd DNS.
[[0;32m  OK  [0m] Started Trigger resolvconf update for networkd DNS.
[    8.876200] systemd[1]: Created slice System Slice.
[[0;32m  OK  [0m] Created slice System Slice.
[    8.918468] systemd[1]: Listening on Journal Audit Socket.
[[0;32m  OK  [0m] Listening on Journal Audit Socket.
[    8.975824] systemd[1]: Listening on Journal Socket.
[[0;32m  OK  [0m] Listening on Journal Socket.
[    9.015008] systemd[1]: Mounting Debug File System...
         Mounting Debug File System...
[    9.037858] systemd[1]: Starting Remount Root and Kernel File Systems...
         Starting Remount Root and Kernel File Systems...
[    9.050116] systemd[1]: Starting Create list of required static device nodes for the current kernel...
         Starting Create list of required st... nodes for the current kernel...
[    9.147231] systemd[1]: Listening on udev Control Socket.
[[0;32m  OK  [0m] Listening on[    9.154409] EXT4-fs (sda1): re-mounted. Opts: (null)
 udev Control Socket.
[    9.183571] systemd[1]: Starting Nameserver information manager...
         Starting Nameserver information manager...
[    9.204170] systemd[1]: Created slice system-serial\x2dgetty.slice.
[[0;32m  OK  [0m] Created slice system-serial\x2dgetty.slice.
[    9.226398] systemd[1]: Starting Set console keymap...
         Starting Set console keymap...
[    9.251649] systemd[1]: Listening on LVM2 poll daemon socket.
[[0;32m  OK  [0m] Listening on LVM2 poll daemon socket.
[    9.258455] systemd[1]: Mounting POSIX Message Queue File System...
         Mounting POSIX Message Queue File System...
[    9.328919] systemd[1]: Starting Load Kernel Modules...
         Starting Load Kernel Modules...
[    9.340899] systemd[1]: Started Forward Password Requests to Wall Directory Watch.
[[0;32m  OK  [0m] Started Forward Password Requests to Wall Directory Watch.
[    9.346839] systemd[1]: Listening on udev Kernel Socket.
[[0;32m  OK  [0m] Listening on udev Kernel Socket.
[    9.352342] systemd[1]: Mounting Huge Pages File System...
         Mounting Huge Pages File System...
[    9.357607] systemd[1]: Listening on Syslog Socket.
[[0;32m  OK  [0m] Listening on Syslog Socket.
[    9.363345] systemd[1]: Reached target User and Group Name Lookups.
[[0;32m  OK  [0m] Reached target User and Group Name Lookups.
[    9.367121] systemd[1]: Listening on Device-mapper event daemon FIFOs.
[[0;32m  OK  [0m] Listening on Device-mapper event daemon FIFOs.
[    9.373170] systemd[1]: Starting Monitoring of LVM2 mirrors, snapshots etc. using dmeventd or progress polling...
         Starting Monitoring of LVM2 mirrors... dmeventd or progress polling...
[    9.379348] systemd[1]: Set up automount Arbitrary Executable File Formats File System Automount Point.
[[0;32m  OK  [0m] Set up automount Arbitrary Executab...ats File System Automount Point.
[    9.431070] systemd[1]: Starting Uncomplicated firewall...
         Starting Uncomplicated firewall...
[    9.447223] systemd[1]: Listening on /dev/initctl Compatibility Named Pipe.
[[0;32m  OK  [0m] Listening on /dev/initctl Compatibility Named Pipe.
[    9.483256] systemd[1]: Reached target Encrypted Volumes.
[[0;32m  OK  [0m] Reached target Encrypted Volumes.
[    9.496072] systemd[1]: Reached target Swap.
[[0;32m  OK  [0[    9.508062] Loading iSCSI transport class v2.0-870.
m] Reached target Swap.
[    9.534650] systemd[1]: Created slice User and Session Slice.
[[0;32m  OK  [0m] Created slice User and Session Slice.
[    9.544889] systemd[1]: Reached target Slices.
[[0;32m  OK  [0m] Reached target Slices.
[    9.571461] systemd[1]: Listening on Journal Socket (/dev/log).
[[0;32m  OK  [0m] Listening on Journal Socket (/dev/log).
[    9.595904] systemd[1]: Starting Journal Service...
         Starting Journal Service...
[    9.609461] systemd[1]: Mounted POSIX Message Queue File System.
[[0;32m  OK  [0[    9.632924] iscsi: registered transport (tcp)
m] Mounted POSIX Message Queue File System.
[    9.653976] systemd[1]: Mounted Debug File System.
[[0;32m  OK  [0m] Mounted Debug File System.
[    9.691330] systemd[1]: Mounted Huge Pages File System.
[[0;32m  OK  [0m] Mounted Huge Pages File System.
[    9.707223] systemd[1]: Started Remount Root and Kernel File Systems.
[[0;32m  OK  [0m] Started Remount Root and Kernel File Systems.
[    9.729334] systemd[1]: Started Create list of required static device nodes for the current kernel.
[[0;32m  OK  [0m] Started Create list of required sta...ce nodes for the current kernel.
[    9.776204] systemd[1]: Started Set console keymap.
[[0;32m  OK  [0m] Started Set console keymap.
[    9.842218] systemd[1]: Started Uncomplicated firewall.
[[0;32m  OK  [0m] Started Uncomplicated firewall.
[    9.891376] systemd[1]: Started Nameserver information manager.
[[0;32m  OK  [0m] Started Nameserver information manager.
[    9.979216] systemd[1]: Started LVM2 metadata daemon.
[[0;32m  OK  [0m] Started LVM2 metadata daemon.
[   10.043322] systemd[1]: Starting Create Static Device Nodes in /dev...
         Starting Create Static Device Nodes in /dev...
[   10.047990] systemd[1]: Starting Initial cloud-init job (pre-networking)...
         Starting Initial cloud-init job (pre-networking)...
[   10.053855] systemd[1]: Starting Load/Save Random Seed...
         Starting Load/Save Random Seed...
[   10.058095] iscsi: registered transport (iser)
[   10.179273] systemd[1]: Starting udev Coldplug all Devices...
         Starting udev Coldplug all Devices...
[   10.192342] systemd[1]: Started Journal Service.
[[0;32m  OK  [0m] Started Journal Service.
[[0;32m  OK  [0m] Started Load Kernel Modules.
[[0;32m  OK  [0m] Started Load/Save Random Seed.
         Mounting FUSE Control File System...
         Starting Apply Kernel Variables...
         Starting Flush Journal to Persistent Storage...
[[0;32m  OK  [0m] Mounted FUSE Control File System.
[[0;32m  OK  [0m] Started udev Coldplug all Devices.
[   10.397068] systemd-journald[403]: Received request to flush runtime journal from PID 1
[[0;32m  OK  [0m] Started Flush Journal to Persistent Storage.
[[0;32m  OK  [0m] Started Apply Kernel Variables.
[[0;32m  OK  [0m] Started Monitoring of LVM2 mirrors,...ng dmeventd or progress polling.
[[0;32m  OK  [0m] Started Create Static Device Nodes in /dev.
         Starting udev Kernel Device Manager...
[[0;32m  OK  [0m] Started udev Kernel Device Manager.
[[0;32m  OK  [0m] Reached target Local File Systems (Pre).
[[0;32m  OK  [0m] Reached target Local File Systems.
         Starting Create Volatile Files and Directories...
         Starting LSB: AppArmor initialization...
         Starting Tell Plymouth To Write Out Runtime Data...
         Starting Set console font and keymap...
[[0;32m  OK  [0m] Started Dispatch Password Requests to Console Directory Watch.
[[0;32m  OK  [0m] Started Tell Plymouth To Write Out Runtime Data.
[[0;32m  OK  [0m] Started Create Volatile Files and Directories.
         Starting Update UTMP about System Boot/Shutdown...
[[0;32m  OK  [0m] Reached target System Time Synchronized.
[[0;32m  OK  [0m] Found device /dev/ttyS0.
[[0;32m  OK  [0m] Started Update UTMP about System Boot/Shutdown.
[[0;32m  OK  [0m] Found device 82540EM Gigabit Ethern...r (PRO/1000 MT Desktop Adapter).
[[0;32m  OK  [0m] Started Set console font and keymap.
[[0;32m  OK  [0m] Created slice system-getty.slice.
[[0;32m  OK  [0m] Listening on Load/Save RF Kill Switch Status /dev/rfkill Watch.
[[0;32m  OK  [0m] Started LSB: AppArmor initialization.
[   17.866432] cloud-init[432]: Cloud-init v. 17.1 running 'init-local' at Thu, 21 Jun 2018 20:33:56 +0000. Up 16.69 seconds.
[[0;32m  OK  [0m] Started Initial cloud-init job (pre-networking).
[[0;32m  OK  [0m] Reached target Network (Pre).
[[0;32m  OK  [0m] Started ifup for enp0s3.
         Starting Raise network interfaces...
[[0;32m  OK  [0m] Started Raise network interfaces.
[[0;32m  OK  [0m] Reached target Network.
         Starting Initial cloud-init job (metadata service crawler)...
[   20.023236] cloud-init[957]: Cloud-init v. 17.1 running 'init' at Thu, 21 Jun 2018 20:33:58 +0000. Up 18.84 seconds.
[   20.050081] cloud-init[957]: ci-info: +++++++++++++++++++++++++++++++++++++Net device info++++++++++++++++++++++++++++++++++++++
[   20.079890] cloud-init[957]: ci-info: +--------+------+----------------------------+---------------+-------+-------------------+
[   20.083782] cloud-init[957]: ci-info: | Device |  Up  |          Address           |      Mask     | Scope |     Hw-Address    |
[   20.112170] cloud-init[957]: ci-info: +--------+------+----------------------------+---------------+-------+-------------------+
[   20.159746] cloud-init[957]: ci-info: | enp0s3 | True |         10.0.2.15          | 255.255.255.0 |   .   | 02:63:8e:2c:ef:cd |
[   20.159996] cloud-init[957]: ci-info: | enp0s3 | True | fe80::63:8eff:fe2c:efcd/64 |       .       |  link | 02:63:8e:2c:ef:cd |
[   20.160878] cloud-init[957]: ci-info: |   lo   | True |         127.0.0.1          |   255.0.0.0   |   .   |         .         |
[   20.161182] cloud-init[957]: ci-info: |   lo   | True |          ::1/128           |       .       |  host |         .         |
[   20.161492] cloud-init[957]: ci-info: +--------+------+----------------------------+---------------+-------+-------------------+
[   20.161777] cloud-init[957]: ci-info: +++++++++++++++++++++++++++Route IPv4 info++++++++++++++++++++++++++++
[   20.162083] cloud-init[957]: ci-info: +-------+-------------+----------+---------------+-----------+-------+
[   20.162354] cloud-init[957]: ci-info: | Route | Destination | Gateway  |    Genmask    | Interface | Flags |
[   20.162682] cloud-init[957]: ci-info: +-------+-------------+----------+---------------+-----------+-------+
[[0;32m  OK  [0m] Started Initial cloud-init job (metadata service crawler).
[   20.164183] cloud-init[957]: ci-info: |   0   |   0.0.0.0   | 10.0.2.2 |    0.0.0.0    |   enp0s3  |   UG  |
[   20.347333] cloud-init[957]: ci-info: |   1   |   10.0.2.0  | 0.0.0.0  | 255.255.255.0 |   enp0s3  |   U   |
[   20.347675] cloud-init[957]: ci-info: +-------+-------------+----------+---------------+-----------+-------+
[[0;32m  OK  [0m] Reached target System Initialization.
[[0;32m  OK  [0m] Started Timer to automatically refresh installed snaps.
[[0;32m  OK  [0m] Listening on UUID daemon activation socket.
[[0;32m  OK  [0m] Listening on D-Bus System Message Bus Socket.
[[0;32m  OK  [0m] Started ACPI Events Check.
[[0;32m  OK  [0m] Reached target Paths.
         Starting LXD - unix socket.
[[0;32m  OK  [0m] Listening on ACPID Listen Socket.
[[0;32m  OK  [0m] Started Daily Cleanup of Temporary Directories.
         Starting Socket activation for snappy daemon.
[[0;32m  OK  [0m] Reached target Cloud-config availability.
[[0;32m  OK  [0m] Reached target Network is Online.
[[0;32m  OK  [0m] Started Daily apt download activities.
[[0;32m  OK  [0m] Started Daily apt upgrade and clean activities.
[[0;32m  OK  [0m] Reached target Timers.
         Starting iSCSI initiator daemon (iscsid)...
[[0;32m  OK  [0m] Listening on LXD - unix socket.
[[0;32m  OK  [0m] Listening on Socket activation for snappy daemon.
[[0;32m  OK  [0m] Reached target Sockets.
[[0;32m  OK  [0m] Reached target Basic System.
         Starting LSB: MD monitoring daemon...
[[0;32m  OK  [0m] Started FUSE filesystem for LXC.
         Starting MySQL Community Server...
         Starting /etc/rc.local Compatibility...
         Starting System Logging Service...
[[0;32m  OK  [0m] Started Unattended Upgrades Shutdown.
         Starting Apply the settings specified in cloud-config...
         Starting Snappy daemon...
         Starting Accounts Service...
[[0;32m  OK  [0m] Started Regular background program processing daemon.
         Starting OpenBSD Secure Shell server...
         Starting Login Service...
         Starting LSB: Record successful boot for GRUB...
[[0;32m  OK  [0m] Started ACPI event daemon.
[[0;32m  OK  [0m] Started D-Bus System Message Bus.
[   23.171091] cloud-init[1019]: Cloud-init v. 17.1 running 'modules:config' at Thu, 21 Jun 2018 20:34:01 +0000. Up 21.67 seconds.
[[0;32m  OK  [0m] Started Deferred execution scheduler.
         Starting LXD - container startup/shutdown...
[[0;32m  OK  [0m] Started System Logging Service.
[[0;32m  OK  [0m] Started /etc/rc.local Compatibility.
[[0;32m  OK  [0m] Started Apply the settings specified in cloud-config.
[[0;32m  OK  [0m] Started Login Service.
[[0;32m  OK  [0m] Started iSCSI initiator daemon (iscsid).
         Starting Login to default iSCSI targets...
[[0;32m  OK  [0m] Started LSB: Record successful boot for GRUB.
[[0;32m  OK  [0m] Started Login to default iSCSI targets.
[[0;32m  OK  [0m] Started LSB: MD monitoring daemon.
[[0;32m  OK  [0m] Reached target Remote File Systems (Pre).
[[0;32m  OK  [0m] Reached target Remote File Systems.
         Starting LSB: Set the CPU Frequency Scaling governor to "ondemand"...
         Starting LSB: VirtualBox Linux Additions...
         Starting LSB: automatic crash report generation...
         Starting LSB: daemon to balance interrupts for SMP systems...
         Starting Permit User Sessions...
         Starting LSB: Apache2 web server...
[[0;32m  OK  [0m] Started LSB: Set the CPU Frequency Scaling governor to "ondemand".
[[0;32m  OK  [0m] Started Permit User Sessions.
         Starting Terminate Plymouth Boot Screen...
         Starting Hold until boot process finishes up...
         Starting Authenticate and Authorize Users to Run Privileged Tasks...
[[0;32m  OK  [0m] Started Terminate Plymouth Boot Screen.
[[0;32m  OK  [0m] Started Hold until boot process finishes up.
[[0;32m  OK  [0m] Started OpenBSD Secure Shell server.
[[0;32m  OK  [0m] Started Serial Getty on ttyS0.
         Starting Set console scheme...
[[0;32m  OK  [0m] Started Getty on tty1.
[[0;32m  OK  [0m] Reached target Login Prompts.
[[0;32m  OK  [0m] Started LSB: daemon to balance interrupts for SMP systems.
[[0;32m  OK  [0m] Started Set console scheme.
[[0;32m  OK  [0m] Started LSB: automatic crash report generation.
[[0;32m  OK  [0m] Started Authenticate and Authorize Users to Run Privileged Tasks.
[[0;32m  OK  [0m] Started Accounts Service.
[[0;32m  OK  [0m] Started Snappy daemon.
[[0;32m  OK  [0m] Started LSB: VirtualBox Linux Additions.
[[0;32m  OK  [0m] Created slice User Slice of ubuntu.
         Starting User Manager for UID 1000...
[[0;32m  OK  [0m] Started Session 1 of user ubuntu.
[[0;32m  OK  [0m] Started User Manager for UID 1000.
[[0;32m  OK  [0m] Started LXD - container startup/shutdown.

Ubuntu 16.04.3 LTS ubuntu-xenial ttyS0

ubuntu-xenial login: [   40.719657] cloud-init[1479]: Cloud-init v. 17.1 running 'modules:final' at Thu, 21 Jun 2018 20:34:20 +0000. Up 40.50 seconds.
[   40.720508] cloud-init[1479]: Cloud-init v. 17.1 finished at Thu, 21 Jun 2018 20:34:20 +0000. Datasource DataSourceNoCloud [seed=/dev/sdb][dsmode=net].  Up 40.71 seconds
